// Jest Snapshot v1, https://goo.gl/fbAQLP

exports[`CalculatedTotal should render 1`] = `
<div>
  <div>
    Subtotal: 
    $214.00
  </div>
  <div>
    Tax (5%): 
    $10.70
  </div>
  <div>
    Total: 
    $224.70
  </div>
</div>
`;
